[0.052s][info][gc,heap] Heap region size: 1M
[0.061s][info][gc     ] Using G1
[0.061s][info][gc,heap,coops] Heap address: 0x0000000702600000, size: 4058 MB, Compressed Oops mode: Zero based, Oop shift amount: 3
[0.887s][info][gc,start     ] GC(0) Pause Young (Normal) (G1 Evacuation Pause)
[0.887s][info][gc,task      ] GC(0) Using 6 workers of 10 for evacuation
[0.895s][info][gc,phases    ] GC(0)   Pre Evacuate Collection Set: 0.0ms
[0.895s][info][gc,phases    ] GC(0)   Evacuate Collection Set: 6.7ms
[0.895s][info][gc,phases    ] GC(0)   Post Evacuate Collection Set: 0.6ms
[0.895s][info][gc,phases    ] GC(0)   Other: 0.7ms
[0.895s][info][gc,heap      ] GC(0) Eden regions: 24->0(13)
[0.895s][info][gc,heap      ] GC(0) Survivor regions: 0->3(3)
[0.895s][info][gc,heap      ] GC(0) Old regions: 0->19
[0.895s][info][gc,heap      ] GC(0) Humongous regions: 0->0
[0.895s][info][gc,metaspace ] GC(0) Metaspace: 6206K->6206K(1056768K)
[0.895s][info][gc           ] GC(0) Pause Young (Normal) (G1 Evacuation Pause) 23M->21M(254M) 8.637ms
[0.895s][info][gc,cpu       ] GC(0) User=0.00s Sys=0.00s Real=0.01s
[0.898s][info][gc,start     ] GC(1) Pause Young (Normal) (G1 Evacuation Pause)
[0.898s][info][gc,task      ] GC(1) Using 6 workers of 10 for evacuation
[0.903s][info][gc,phases    ] GC(1)   Pre Evacuate Collection Set: 0.0ms
[0.903s][info][gc,phases    ] GC(1)   Evacuate Collection Set: 4.5ms
[0.903s][info][gc,phases    ] GC(1)   Post Evacuate Collection Set: 0.3ms
[0.903s][info][gc,phases    ] GC(1)   Other: 0.2ms
[0.903s][info][gc,heap      ] GC(1) Eden regions: 13->0(28)
[0.903s][info][gc,heap      ] GC(1) Survivor regions: 3->2(2)
[0.903s][info][gc,heap      ] GC(1) Old regions: 19->33
[0.903s][info][gc,heap      ] GC(1) Humongous regions: 0->0
[0.903s][info][gc,metaspace ] GC(1) Metaspace: 6212K->6212K(1056768K)
[0.903s][info][gc           ] GC(1) Pause Young (Normal) (G1 Evacuation Pause) 34M->34M(254M) 5.294ms
[0.903s][info][gc,cpu       ] GC(1) User=0.00s Sys=0.00s Real=0.01s
[0.905s][info][gc,heap,exit ] Heap
[0.905s][info][gc,heap,exit ]  garbage-first heap   total 260096K, used 50976K [0x0000000702600000, 0x0000000800000000)
[0.905s][info][gc,heap,exit ]   region size 1024K, 19 young (19456K), 2 survivors (2048K)
[0.905s][info][gc,heap,exit ]  Metaspace       used 6227K, capacity 6331K, committed 6528K, reserved 1056768K
[0.905s][info][gc,heap,exit ]   class space    used 541K, capacity 606K, committed 640K, reserved 1048576K
